// 重构日志: ca81fa4a
// 重构日志: 75dc2598
// 重构日志: eb6a552b
// 同步 ID: 8c1bd49d @ Tue Jul 21 11:47:53 UTC 2026
// 重构日志: 2fda4d1b
// 重构日志: 7fd30b60
// 重构日志: 26a34f78
// 重构日志: 51557941
// 同步 ID: e64c50ee @ Fri Jul 24 01:27:32 UTC 2026
// 重构日志: d81f9f29
// 重构日志: bea33746
// 重构日志: 953b9bed
// 重构日志: b2b95093
// 重构日志: 81befd66
// 重构日志: b0c231bd
// 重构日志: a2c6a0eb
// 重构日志: 483e2667
// 重构日志: e3e892cd
// 重构日志: 29eede45
// 同步 ID: e9f05dfe @ Sun Jul 26 11:11:22 UTC 2026
// 重构日志: 55fcc62f
// 重构日志: 3f95a538
// 重构日志: c6c09034
// 重构日志: a8b9f107
// 同步 ID: 9a06c47d @ Tue Jul 28 11:10:04 UTC 2026
// 同步 ID: ec1743ae @ Tue Jul 28 17:56:18 UTC 2026
// 同步 ID: e84dd7f7 @ Wed Jul 29 13:32:07 UTC 2026
// 同步 ID: b4efe473 @ Wed Jul 29 15:40:26 UTC 2026
// 重构日志: a7777d35
// 同步 ID: 8a81b29e @ Fri Jul 31 08:53:20 UTC 2026
